Archive member included to satisfy reference by file (symbol)

c:/ac6/systemworkbench/plugins/fr.ac6.mcu.externaltools.arm-none.win32_1.15.0.201708311556/tools/compiler/bin/../lib/gcc/arm-none-eabi/6.3.1/thumb/v7e-m/fpv4-sp/hard\libgcc.a(_arm_addsubdf3.o)
                              Src/ADXL345.o (__aeabi_i2d)
c:/ac6/systemworkbench/plugins/fr.ac6.mcu.externaltools.arm-none.win32_1.15.0.201708311556/tools/compiler/bin/../lib/gcc/arm-none-eabi/6.3.1/thumb/v7e-m/fpv4-sp/hard\libgcc.a(_arm_muldivdf3.o)
                              Src/ADXL345.o (__aeabi_dmul)
c:/ac6/systemworkbench/plugins/fr.ac6.mcu.externaltools.arm-none.win32_1.15.0.201708311556/tools/compiler/bin/../lib/gcc/arm-none-eabi/6.3.1/thumb/v7e-m/fpv4-sp/hard\libgcc.a(_arm_truncdfsf2.o)
                              Src/ADXL345.o (__aeabi_d2f)
c:/ac6/systemworkbench/plugins/fr.ac6.mcu.externaltools.arm-none.win32_1.15.0.201708311556/tools/compiler/bin/../lib/gcc/arm-none-eabi/6.3.1/thumb/v7e-m/fpv4-sp/hard\libgcc.a(_aeabi_uldivmod.o)
                              Drivers/STM32L4xx_HAL_Driver/Src/stm32l4xx_hal_uart.o (__aeabi_uldivmod)
c:/ac6/systemworkbench/plugins/fr.ac6.mcu.externaltools.arm-none.win32_1.15.0.201708311556/tools/compiler/bin/../lib/gcc/arm-none-eabi/6.3.1/thumb/v7e-m/fpv4-sp/hard\libgcc.a(_udivmoddi4.o)
                              c:/ac6/systemworkbench/plugins/fr.ac6.mcu.externaltools.arm-none.win32_1.15.0.201708311556/tools/compiler/bin/../lib/gcc/arm-none-eabi/6.3.1/thumb/v7e-m/fpv4-sp/hard\libgcc.a(_aeabi_uldivmod.o) (__udivmoddi4)
c:/ac6/systemworkbench/plugins/fr.ac6.mcu.externaltools.arm-none.win32_1.15.0.201708311556/tools/compiler/bin/../lib/gcc/arm-none-eabi/6.3.1/thumb/v7e-m/fpv4-sp/hard\libgcc.a(_dvmd_tls.o)
                              c:/ac6/systemworkbench/plugins/fr.ac6.mcu.externaltools.arm-none.win32_1.15.0.201708311556/tools/compiler/bin/../lib/gcc/arm-none-eabi/6.3.1/thumb/v7e-m/fpv4-sp/hard\libgcc.a(_aeabi_uldivmod.o) (__aeabi_ldiv0)
c:/ac6/systemworkbench/plugins/fr.ac6.mcu.externaltools.arm-none.win32_1.15.0.201708311556/tools/compiler/bin/../lib/gcc/arm-none-eabi/6.3.1/../../../../arm-none-eabi/lib/thumb/v7e-m/fpv4-sp/hard\libc_nano.a(lib_a-exit.o)
                              c:/ac6/systemworkbench/plugins/fr.ac6.mcu.externaltools.arm-none.win32_1.15.0.201708311556/tools/compiler/bin/../lib/gcc/arm-none-eabi/6.3.1/../../../../arm-none-eabi/lib/thumb/v7e-m/fpv4-sp/hard/crt0.o (exit)
c:/ac6/systemworkbench/plugins/fr.ac6.mcu.externaltools.arm-none.win32_1.15.0.201708311556/tools/compiler/bin/../lib/gcc/arm-none-eabi/6.3.1/../../../../arm-none-eabi/lib/thumb/v7e-m/fpv4-sp/hard\libc_nano.a(lib_a-impure.o)
                              c:/ac6/systemworkbench/plugins/fr.ac6.mcu.externaltools.arm-none.win32_1.15.0.201708311556/tools/compiler/bin/../lib/gcc/arm-none-eabi/6.3.1/../../../../arm-none-eabi/lib/thumb/v7e-m/fpv4-sp/hard\libc_nano.a(lib_a-exit.o) (_global_impure_ptr)
c:/ac6/systemworkbench/plugins/fr.ac6.mcu.externaltools.arm-none.win32_1.15.0.201708311556/tools/compiler/bin/../lib/gcc/arm-none-eabi/6.3.1/../../../../arm-none-eabi/lib/thumb/v7e-m/fpv4-sp/hard\libc_nano.a(lib_a-init.o)
                              c:/ac6/systemworkbench/plugins/fr.ac6.mcu.externaltools.arm-none.win32_1.15.0.201708311556/tools/compiler/bin/../lib/gcc/arm-none-eabi/6.3.1/../../../../arm-none-eabi/lib/thumb/v7e-m/fpv4-sp/hard/crt0.o (__libc_init_array)
c:/ac6/systemworkbench/plugins/fr.ac6.mcu.externaltools.arm-none.win32_1.15.0.201708311556/tools/compiler/bin/../lib/gcc/arm-none-eabi/6.3.1/../../../../arm-none-eabi/lib/thumb/v7e-m/fpv4-sp/hard\libc_nano.a(lib_a-memset.o)
                              c:/ac6/systemworkbench/plugins/fr.ac6.mcu.externaltools.arm-none.win32_1.15.0.201708311556/tools/compiler/bin/../lib/gcc/arm-none-eabi/6.3.1/../../../../arm-none-eabi/lib/thumb/v7e-m/fpv4-sp/hard/crt0.o (memset)
c:/ac6/systemworkbench/plugins/fr.ac6.mcu.externaltools.arm-none.win32_1.15.0.201708311556/tools/compiler/bin/../lib/gcc/arm-none-eabi/6.3.1/../../../../arm-none-eabi/lib/thumb/v7e-m/fpv4-sp/hard\libnosys.a(_exit.o)
                              c:/ac6/systemworkbench/plugins/fr.ac6.mcu.externaltools.arm-none.win32_1.15.0.201708311556/tools/compiler/bin/../lib/gcc/arm-none-eabi/6.3.1/../../../../arm-none-eabi/lib/thumb/v7e-m/fpv4-sp/hard\libc_nano.a(lib_a-exit.o) (_exit)

Allocating common symbols
Common symbol       size              file

hi2c3               0x4c              Src/i2c.o
reg                 0x1               Src/accel_control.o
accelCurrentPos     0x4               Src/accel_control.o
dummy_x             0x2               Src/accel_control.o
dummy_z             0x2               Src/accel_control.o
accel               0x25a             Src/accel_control.o
uwTick              0x4               Drivers/STM32L4xx_HAL_Driver/Src/stm32l4xx_hal.o
dummy_y             0x2               Src/accel_control.o
huart2              0x78              Src/usart.o
[...]
Memory Configuration

Name             Origin             Length             Attributes
RAM              0x20000000         0x00018000         xrw
RAM2             0x10000000         0x00008000         xrw
FLASH            0x08000000         0x00100000         xr
*default*        0x00000000         0xffffffff

Linker script and memory map

LOAD c:/ac6/systemworkbench/plugins/fr.ac6.mcu.externaltools.arm-none.win32_1.15.0.201708311556/tools/compiler/bin/../lib/gcc/arm-none-eabi/6.3.1/thumb/v7e-m/fpv4-sp/hard/crti.o
LOAD c:/ac6/systemworkbench/plugins/fr.ac6.mcu.externaltools.arm-none.win32_1.15.0.201708311556/tools/compiler/bin/../lib/gcc/arm-none-eabi/6.3.1/thumb/v7e-m/fpv4-sp/hard/crtbegin.o
LOAD c:/ac6/systemworkbench/plugins/fr.ac6.mcu.externaltools.arm-none.win32_1.15.0.201708311556/tools/compiler/bin/../lib/gcc/arm-none-eabi/6.3.1/../../../../arm-none-eabi/lib/thumb/v7e-m/fpv4-sp/hard/crt0.o
LOAD Drivers/STM32L4xx_HAL_Driver/Src/stm32l4xx_hal.o
LOAD Drivers/STM32L4xx_HAL_Driver/Src/stm32l4xx_hal_cortex.o
LOAD Drivers/STM32L4xx_HAL_Driver/Src/stm32l4xx_hal_dma.o
LOAD Drivers/STM32L4xx_HAL_Driver/Src/stm32l4xx_hal_dma_ex.o
LOAD Drivers/STM32L4xx_HAL_Driver/Src/stm32l4xx_hal_flash.o
LOAD Drivers/STM32L4xx_HAL_Driver/Src/stm32l4xx_hal_flash_ex.o
LOAD Drivers/STM32L4xx_HAL_Driver/Src/stm32l4xx_hal_flash_ramfunc.o
LOAD Drivers/STM32L4xx_HAL_Driver/Src/stm32l4xx_hal_gpio.o
LOAD Drivers/STM32L4xx_HAL_Driver/Src/stm32l4xx_hal_i2c.o
LOAD Drivers/STM32L4xx_HAL_Driver/Src/stm32l4xx_hal_i2c_ex.o
LOAD Drivers/STM32L4xx_HAL_Driver/Src/stm32l4xx_hal_pwr.o
LOAD Drivers/STM32L4xx_HAL_Driver/Src/stm32l4xx_hal_pwr_ex.o
LOAD Drivers/STM32L4xx_HAL_Driver/Src/stm32l4xx_hal_rcc.o
LOAD Drivers/STM32L4xx_HAL_Driver/Src/stm32l4xx_hal_rcc_ex.o
LOAD Drivers/STM32L4xx_HAL_Driver/Src/stm32l4xx_hal_tim.o
LOAD Drivers/STM32L4xx_HAL_Driver/Src/stm32l4xx_hal_tim_ex.o
LOAD Drivers/STM32L4xx_HAL_Driver/Src/stm32l4xx_hal_uart.o
LOAD Drivers/STM32L4xx_HAL_Driver/Src/stm32l4xx_hal_uart_ex.o
LOAD Src/ADXL345.o
LOAD Src/Communication.o
LOAD Src/accel_control.o
LOAD Src/gpio.o
LOAD Src/i2c.o
LOAD Src/main.o
LOAD Src/stm32l4xx_hal_msp.o
LOAD Src/stm32l4xx_it.o
LOAD Src/system_stm32l4xx.o
LOAD Src/usart.o
LOAD startup/startup_stm32l476xx.o
LOAD c:/ac6/systemworkbench/plugins/fr.ac6.mcu.externaltools.arm-none.win32_1.15.0.201708311556/tools/compiler/bin/../lib/gcc/arm-none-eabi/6.3.1/../../../../arm-none-eabi/lib/thumb/v7e-m/fpv4-sp/hard\libm.a
START GROUP
LOAD c:/ac6/systemworkbench/plugins/fr.ac6.mcu.externaltools.arm-none.win32_1.15.0.201708311556/tools/compiler/bin/../lib/gcc/arm-none-eabi/6.3.1/thumb/v7e-m/fpv4-sp/hard\libgcc.a
LOAD c:/ac6/systemworkbench/plugins/fr.ac6.mcu.externaltools.arm-none.win32_1.15.0.201708311556/tools/compiler/bin/../lib/gcc/arm-none-eabi/6.3.1/../../../../arm-none-eabi/lib/thumb/v7e-m/fpv4-sp/hard\libc_nano.a
END GROUP
START GROUP
LOAD c:/ac6/systemworkbench/plugins/fr.ac6.mcu.externaltools.arm-none.win32_1.15.0.201708311556/tools/compiler/bin/../lib/gcc/arm-none-eabi/6.3.1/thumb/v7e-m/fpv4-sp/hard\libgcc.a
LOAD c:/ac6/systemworkbench/plugins/fr.ac6.mcu.externaltools.arm-none.win32_1.15.0.201708311556/tools/compiler/bin/../lib/gcc/arm-none-eabi/6.3.1/../../../../arm-none-eabi/lib/thumb/v7e-m/fpv4-sp/hard\libc_nano.a
LOAD c:/ac6/systemworkbench/plugins/fr.ac6.mcu.externaltools.arm-none.win32_1.15.0.201708311556/tools/compiler/bin/../lib/gcc/arm-none-eabi/6.3.1/../../../../arm-none-eabi/lib/thumb/v7e-m/fpv4-sp/hard\libnosys.a
END GROUP
START GROUP
LOAD c:/ac6/systemworkbench/plugins/fr.ac6.mcu.externaltools.arm-none.win32_1.15.0.201708311556/tools/compiler/bin/../lib/gcc/arm-none-eabi/6.3.1/thumb/v7e-m/fpv4-sp/hard\libgcc.a
LOAD c:/ac6/systemworkbench/plugins/fr.ac6.mcu.externaltools.arm-none.win32_1.15.0.201708311556/tools/compiler/bin/../lib/gcc/arm-none-eabi/6.3.1/../../../../arm-none-eabi/lib/thumb/v7e-m/fpv4-sp/hard\libc_nano.a
LOAD c:/ac6/systemworkbench/plugins/fr.ac6.mcu.externaltools.arm-none.win32_1.15.0.201708311556/tools/compiler/bin/../lib/gcc/arm-none-eabi/6.3.1/../../../../arm-none-eabi/lib/thumb/v7e-m/fpv4-sp/hard\libnosys.a
END GROUP
LOAD c:/ac6/systemworkbench/plugins/fr.ac6.mcu.externaltools.arm-none.win32_1.15.0.201708311556/tools/compiler/bin/../lib/gcc/arm-none-eabi/6.3.1/thumb/v7e-m/fpv4-sp/hard/crtend.o
LOAD c:/ac6/systemworkbench/plugins/fr.ac6.mcu.externaltools.arm-none.win32_1.15.0.201708311556/tools/compiler/bin/../lib/gcc/arm-none-eabi/6.3.1/thumb/v7e-m/fpv4-sp/hard/crtn.o
                0x20018000                _estack = 0x20018000
                0x00000200                _Min_Heap_Size = 0x200
                0x00000400                _Min_Stack_Size = 0x400

.isr_vector     0x08000000      0x188
                0x08000000                . = ALIGN (0x8)
 *(.isr_vector)
 .isr_vector    0x08000000      0x188 startup/startup_stm32l476xx.o
                0x08000000                g_pfnVectors
                0x08000188                . = ALIGN (0x8)

.text           0x08000188     0x2e70
                0x08000188                . = ALIGN (0x8)
 *(.text)
 .text          0x08000188       0x6c c:/ac6/systemworkbench/plugins/fr.ac6.mcu.externaltools.arm-none.win32_1.15.0.201708311556/tools/compiler/bin/../lib/gcc/arm-none-eabi/6.3.1/thumb/v7e-m/fpv4-sp/hard/crtbegin.o
 .text          0x080001f4       0x30 c:/ac6/systemworkbench/plugins/fr.ac6.mcu.externaltools.arm-none.win32_1.15.0.201708311556/tools/compiler/bin/../lib/gcc/arm-none-eabi/6.3.1/thumb/v7e-m/fpv4-sp/hard\libgcc.a(_aeabi_uldivmod.o)
                0x080001f4                __aeabi_uldivmod
 .text          0x08000224      0x2dc c:/ac6/systemworkbench/plugins/fr.ac6.mcu.externaltools.arm-none.win32_1.15.0.201708311556/tools/compiler/bin/../lib/gcc/arm-none-eabi/6.3.1/thumb/v7e-m/fpv4-sp/hard\libgcc.a(_udivmoddi4.o)
                0x08000224                __udivmoddi4
 .text          0x08000500        0x4 c:/ac6/systemworkbench/plugins/fr.ac6.mcu.externaltools.arm-none.win32_1.15.0.201708311556/tools/compiler/bin/../lib/gcc/arm-none-eabi/6.3.1/thumb/v7e-m/fpv4-sp/hard\libgcc.a(_dvmd_tls.o)
                0x08000500                __aeabi_idiv0
                0x08000500                __aeabi_ldiv0
 *(.text*)
 .text.HAL_InitTick
                0x08000504       0x2c Drivers/STM32L4xx_HAL_Driver/Src/stm32l4xx_hal.o
                0x08000504                HAL_InitTick
 .text.HAL_Init
                0x08000530       0x24 Drivers/STM32L4xx_HAL_Driver/Src/stm32l4xx_hal.o
                0x08000530                HAL_Init
 .text.HAL_IncTick
                0x08000554       0x10 Drivers/STM32L4xx_HAL_Driver/Src/stm32l4xx_hal.o
                0x08000554                HAL_IncTick
 .text.HAL_GetTick
                0x08000564        0xc Drivers/STM32L4xx_HAL_Driver/Src/stm32l4xx_hal.o
                0x08000564                HAL_GetTick
 .text.HAL_NVIC_SetPriorityGrouping
                0x08000570       0x24 Drivers/STM32L4xx_HAL_Driver/Src/stm32l4xx_hal_cortex.o
                0x08000570                HAL_NVIC_SetPriorityGrouping
 .text.HAL_NVIC_SetPriority
                0x08000594       0x64 Drivers/STM32L4xx_HAL_Driver/Src/stm32l4xx_hal_cortex.o
                0x08000594                HAL_NVIC_SetPriority
 .text.HAL_NVIC_EnableIRQ
                0x080005f8       0x18 Drivers/STM32L4xx_HAL_Driver/Src/stm32l4xx_hal_cortex.o
                0x080005f8                HAL_NVIC_EnableIRQ
 .text.HAL_SYSTICK_Config
                0x08000610       0x2c Drivers/STM32L4xx_HAL_Driver/Src/stm32l4xx_hal_cortex.o
                0x08000610                HAL_SYSTICK_Config
 .text.HAL_SYSTICK_CLKSourceConfig
                0x0800063c       0x20 Drivers/STM32L4xx_HAL_Driver/Src/stm32l4xx_hal_cortex.o
                0x0800063c                HAL_SYSTICK_CLKSourceConfig
 .text.HAL_SYSTICK_Callback
                0x0800065c        0x2 Drivers/STM32L4xx_HAL_Driver/Src/stm32l4xx_hal_cortex.o
                0x0800065c                HAL_SYSTICK_Callback
 .text.HAL_SYSTICK_IRQHandler
                0x0800065e        0x8 Drivers/STM32L4xx_HAL_Driver/Src/stm32l4xx_hal_cortex.o
                0x0800065e                HAL_SYSTICK_IRQHandler
 *fill*         0x08000666        0x2 
 .text.HAL_GPIO_Init
                0x08000668      0x1d4 Drivers/STM32L4xx_HAL_Driver/Src/stm32l4xx_hal_gpio.o
                0x08000668                HAL_GPIO_Init
 .text.HAL_GPIO_WritePin
                0x0800083c        0xa Drivers/STM32L4xx_HAL_Driver/Src/stm32l4xx_hal_gpio.o
                0x0800083c                HAL_GPIO_WritePin
 .text.HAL_GPIO_EXTI_Callback
                0x08000846        0x2 Drivers/STM32L4xx_HAL_Driver/Src/stm32l4xx_hal_gpio.o
                0x08000846                HAL_GPIO_EXTI_Callback
 .text.HAL_GPIO_EXTI_IRQHandler
                0x08000848       0x1c Drivers/STM32L4xx_HAL_Driver/Src/stm32l4xx_hal_gpio.o
                0x08000848                HAL_GPIO_EXTI_IRQHandler
 .text.I2C_Flush_TXDR
                0x08000864       0x22 Drivers/STM32L4xx_HAL_Driver/Src/stm32l4xx_hal_i2c.o
 .text.I2C_TransferConfig
                0x08000886       0x36 Drivers/STM32L4xx_HAL_Driver/Src/stm32l4xx_hal_i2c.o
 .text.I2C_IsAcknowledgeFailed
                0x080008bc       0x90 Drivers/STM32L4xx_HAL_Driver/Src/stm32l4xx_hal_i2c.o
 .text.I2C_WaitOnTXISFlagUntilTimeout
                0x0800094c       0x56 Drivers/STM32L4xx_HAL_Driver/Src/stm32l4xx_hal_i2c.o
 .text.I2C_WaitOnFlagUntilTimeout
                0x080009a2       0x52 Drivers/STM32L4xx_HAL_Driver/Src/stm32l4xx_hal_i2c.o
 .text.I2C_WaitOnSTOPFlagUntilTimeout
                0x080009f4       0x50 Drivers/STM32L4xx_HAL_Driver/Src/stm32l4xx_hal_i2c.o
 .text.I2C_WaitOnRXNEFlagUntilTimeout
                0x08000a44       0x98 Drivers/STM32L4xx_HAL_Driver/Src/stm32l4xx_hal_i2c.o
 .text.HAL_I2C_Init
                0x08000adc       0xc2 Drivers/STM32L4xx_HAL_Driver/Src/stm32l4xx_hal_i2c.o
                0x08000adc                HAL_I2C_Init
 *fill*         0x08000b9e        0x2 
 .text.HAL_I2C_Master_Transmit
                0x08000ba0      0x178 Drivers/STM32L4xx_HAL_Driver/Src/stm32l4xx_hal_i2c.o
                0x08000ba0                HAL_I2C_Master_Transmit
 .text.HAL_I2C_Master_Receive
                0x08000d18      0x174 Drivers/STM32L4xx_HAL_Driver/Src/stm32l4xx_hal_i2c.o
                0x08000d18                HAL_I2C_Master_Receive
 .text.HAL_I2C_GetState
                0x08000e8c        0x6 Drivers/STM32L4xx_HAL_Driver/Src/stm32l4xx_hal_i2c.o
                0x08000e8c                HAL_I2C_GetState
 .text.HAL_I2C_GetError
                0x08000e92        0x4 Drivers/STM32L4xx_HAL_Driver/Src/stm32l4xx_hal_i2c.o
                0x08000e92                HAL_I2C_GetError
 .text.HAL_I2CEx_ConfigAnalogFilter
                0x08000e96       0x5c Drivers/STM32L4xx_HAL_Driver/Src/stm32l4xx_hal_i2c_ex.o
                0x08000e96                HAL_I2CEx_ConfigAnalogFilter
 .text.HAL_I2CEx_ConfigDigitalFilter
                0x08000ef2       0x58 Drivers/STM32L4xx_HAL_Driver/Src/stm32l4xx_hal_i2c_ex.o
                0x08000ef2                HAL_I2CEx_ConfigDigitalFilter
 *fill*         0x08000f4a        0x2 
 .text.HAL_PWREx_GetVoltageRange
                0x08000f4c       0x10 Drivers/STM32L4xx_HAL_Driver/Src/stm32l4xx_hal_pwr_ex.o
                0x08000f4c                HAL_PWREx_GetVoltageRange
 .text.HAL_PWREx_ControlVoltageScaling
                0x08000f5c       0x90 Drivers/STM32L4xx_HAL_Driver/Src/stm32l4xx_hal_pwr_ex.o
                0x08000f5c                HAL_PWREx_ControlVoltageScaling
 .text.RCC_SetFlashLatencyFromMSIRange
                0x08000fec       0x90 Drivers/STM32L4xx_HAL_Driver/Src/stm32l4xx_hal_rcc.o
 .text.HAL_RCC_GetSysClockFreq
                0x0800107c      0x100 Drivers/STM32L4xx_HAL_Driver/Src/stm32l4xx_hal_rcc.o
                0x0800107c                HAL_RCC_GetSysClockFreq
 .text.HAL_RCC_OscConfig
                0x0800117c      0x580 Drivers/STM32L4xx_HAL_Driver/Src/stm32l4xx_hal_rcc.o
                0x0800117c                HAL_RCC_OscConfig
 .text.HAL_RCC_ClockConfig
                0x080016fc      0x150 Drivers/STM32L4xx_HAL_Driver/Src/stm32l4xx_hal_rcc.o
                0x080016fc                HAL_RCC_ClockConfig
 .text.HAL_RCC_GetHCLKFreq
                0x0800184c        0xc Drivers/STM32L4xx_HAL_Driver/Src/stm32l4xx_hal_rcc.o
                0x0800184c                HAL_RCC_GetHCLKFreq
 .text.HAL_RCC_GetPCLK1Freq
                0x08001858       0x20 Drivers/STM32L4xx_HAL_Driver/Src/stm32l4xx_hal_rcc.o
                0x08001858                HAL_RCC_GetPCLK1Freq
 .text.HAL_RCC_GetPCLK2Freq
                0x08001878       0x20 Drivers/STM32L4xx_HAL_Driver/Src/stm32l4xx_hal_rcc.o
                0x08001878                HAL_RCC_GetPCLK2Freq
 .text.RCCEx_PLLSAI1_Config
                0x08001898      0x180 Drivers/STM32L4xx_HAL_Driver/Src/stm32l4xx_hal_rcc_ex.o
 .text.RCCEx_PLLSAI2_Config
                0x08001a18      0x15c Drivers/STM32L4xx_HAL_Driver/Src/stm32l4xx_hal_rcc_ex.o
 .text.HAL_RCCEx_PeriphCLKConfig
                0x08001b74      0x44c Drivers/STM32L4xx_HAL_Driver/Src/stm32l4xx_hal_rcc_ex.o
                0x08001b74                HAL_RCCEx_PeriphCLKConfig
 .text.UART_SetConfig
                0x08001fc0      0x410 Drivers/STM32L4xx_HAL_Driver/Src/stm32l4xx_hal_uart.o
                0x08001fc0                UART_SetConfig
 .text.UART_AdvFeatureConfig
                0x080023d0       0xca Drivers/STM32L4xx_HAL_Driver/Src/stm32l4xx_hal_uart.o
                0x080023d0                UART_AdvFeatureConfig
 .text.UART_WaitOnFlagUntilTimeout
                0x0800249a       0x64 Drivers/STM32L4xx_HAL_Driver/Src/stm32l4xx_hal_uart.o
                0x0800249a                UART_WaitOnFlagUntilTimeout
 .text.HAL_UART_Transmit
                0x080024fe       0xd0 Drivers/STM32L4xx_HAL_Driver/Src/stm32l4xx_hal_uart.o
                0x080024fe                HAL_UART_Transmit
 .text.HAL_UART_Receive
                0x080025ce      0x110 Drivers/STM32L4xx_HAL_Driver/Src/stm32l4xx_hal_uart.o
                0x080025ce                HAL_UART_Receive
 .text.UART_CheckIdleState
                0x080026de       0x70 Drivers/STM32L4xx_HAL_Driver/Src/stm32l4xx_hal_uart.o
                0x080026de                UART_CheckIdleState
 .text.HAL_UART_Init
                0x0800274e       0x68 Drivers/STM32L4xx_HAL_Driver/Src/stm32l4xx_hal_uart.o
                0x0800274e                HAL_UART_Init
 *fill*         0x080027b6        0x2 
 .text.ADXL345_GetRegisterValue
                0x080027b8       0x64 Src/ADXL345.o
                0x080027b8                ADXL345_GetRegisterValue
 .text.ADXL345_SetRegisterValue
                0x0800281c       0x3c Src/ADXL345.o
                0x0800281c                ADXL345_SetRegisterValue
 .text.ADXL345_Init
                0x08002858       0x48 Src/ADXL345.o
                0x08002858                ADXL345_Init
 .text.ADXL345_SetPowerMode
                0x080028a0       0x1c Src/ADXL345.o
                0x080028a0                ADXL345_SetPowerMode
 .text.ADXL345_GetXyz
                0x080028bc       0xa8 Src/ADXL345.o
                0x080028bc                ADXL345_GetXyz
 .text.I2C_Init
                0x08002964       0x10 Src/Communication.o
                0x08002964                I2C_Init
 .text.I2C_Write
                0x08002974       0x50 Src/Communication.o
                0x08002974                I2C_Write
 .text.I2C_Read
                0x080029c4       0x3c Src/Communication.o
                0x080029c4                I2C_Read
 .text.SPI_Init
                0x08002a00        0x4 Src/Communication.o
                0x08002a00                SPI_Init
 .text.SPI_Read
                0x08002a04        0x4 Src/Communication.o
                0x08002a04                SPI_Read
 .text.SPI_Write
                0x08002a08        0x4 Src/Communication.o
                0x08002a08                SPI_Write
 .text.readAccelData
                0x08002a0c       0x64 Src/accel_control.o
                0x08002a0c                readAccelData
 .text.initAccel
                0x08002a70       0x70 Src/accel_control.o
                0x08002a70                initAccel
 .text.startAccel
                0x08002ae0        0xa Src/accel_control.o
                0x08002ae0                startAccel
 *fill*         0x08002aea        0x2 
 .text.MX_GPIO_Init
                0x08002aec       0xc4 Src/gpio.o
                0x08002aec                MX_GPIO_Init
 .text.MX_I2C3_Init
                0x08002bb0       0x68 Src/i2c.o
                0x08002bb0                MX_I2C3_Init
 .text.HAL_I2C_MspInit
                0x08002c18       0x50 Src/i2c.o
                0x08002c18                HAL_I2C_MspInit
 .text._Error_Handler
                0x08002c68        0x2 Src/main.o
                0x08002c68                _Error_Handler
 *fill*         0x08002c6a        0x2 
 .text.SystemClock_Config
                0x08002c6c       0xb8 Src/main.o
                0x08002c6c                SystemClock_Config
 .text.main     0x08002d24       0x90 Src/main.o
                0x08002d24                main
 .text.HAL_MspInit
                0x08002db4       0x90 Src/stm32l4xx_hal_msp.o
                0x08002db4                HAL_MspInit
 .text.SysTick_Handler
                0x08002e44        0xc Src/stm32l4xx_it.o
                0x08002e44                SysTick_Handler
 .text.EXTI15_10_IRQHandler
                0x08002e50       0x20 Src/stm32l4xx_it.o
                0x08002e50                EXTI15_10_IRQHandler
 .text.SystemInit
                0x08002e70       0x48 Src/system_stm32l4xx.o
                0x08002e70                SystemInit
 .text.MX_USART2_UART_Init
                0x08002eb8       0x40 Src/usart.o
                0x08002eb8                MX_USART2_UART_Init
 .text.HAL_UART_MspInit
                0x08002ef8       0x4c Src/usart.o
                0x08002ef8                HAL_UART_MspInit
 .text.Reset_Handler
                0x08002f44       0x50 startup/startup_stm32l476xx.o
                0x08002f44                Reset_Handler
 .text.Default_Handler
                0x08002f94        0x2 startup/startup_stm32l476xx.o
                0x08002f94                RTC_Alarm_IRQHandler
                0x08002f94                EXTI2_IRQHandler
                0x08002f94                TIM8_TRG_COM_IRQHandler
                0x08002f94                TIM8_CC_IRQHandler
                0x08002f94                DebugMon_Handler
                0x08002f94                TIM1_CC_IRQHandler
                0x08002f94                TSC_IRQHandler
                0x08002f94                HardFault_Handler
                0x08002f94                TAMP_STAMP_IRQHandler
                0x08002f94                PendSV_Handler
                0x08002f94                NMI_Handler
                0x08002f94                EXTI3_IRQHandler
                0x08002f94                LPTIM2_IRQHandler
                0x08002f94                DFSDM1_FLT1_IRQHandler
                0x08002f94                I2C3_ER_IRQHandler
                0x08002f94                DFSDM1_FLT2_IRQHandler
                0x08002f94                EXTI0_IRQHandler
                0x08002f94                I2C2_EV_IRQHandler
                0x08002f94                CAN1_RX0_IRQHandler
                0x08002f94                FPU_IRQHandler
                0x08002f94                TIM1_UP_TIM16_IRQHandler
                0x08002f94                UsageFault_Handler
                0x08002f94                ADC1_2_IRQHandler
                0x08002f94                SPI1_IRQHandler
                0x08002f94                TIM6_DAC_IRQHandler
                0x08002f94                TIM8_UP_IRQHandler
                0x08002f94                DMA2_Channel2_IRQHandler
                0x08002f94                DMA1_Channel4_IRQHandler
                0x08002f94                SAI2_IRQHandler
                0x08002f94                DFSDM1_FLT3_IRQHandler
                0x08002f94                USART3_IRQHandler
                0x08002f94                DMA1_Channel7_IRQHandler
                0x08002f94                CAN1_RX1_IRQHandler
                0x08002f94                LCD_IRQHandler
                0x08002f94                UART5_IRQHandler
                0x08002f94                ADC3_IRQHandler
                0x08002f94                TIM4_IRQHandler
                0x08002f94                DMA2_Channel1_IRQHandler
                0x08002f94                QUADSPI_IRQHandler
                0x08002f94                I2C1_EV_IRQHandler
                0x08002f94                DMA1_Channel6_IRQHandler
                0x08002f94                UART4_IRQHandler
                0x08002f94                DMA2_Channel4_IRQHandler
                0x08002f94                TIM3_IRQHandler
                0x08002f94                RCC_IRQHandler
                0x08002f94                DMA1_Channel1_IRQHandler
                0x08002f94                Default_Handler
                0x08002f94                DMA2_Channel7_IRQHandler
                0x08002f94                TIM7_IRQHandler
                0x08002f94                SDMMC1_IRQHandler
                0x08002f94                TIM5_IRQHandler
                0x08002f94                I2C3_EV_IRQHandler
                0x08002f94                EXTI9_5_IRQHandler
                0x08002f94                RTC_WKUP_IRQHandler
                0x08002f94                PVD_PVM_IRQHandler
                0x08002f94                SPI2_IRQHandler
                0x08002f94                MemManage_Handler
                0x08002f94                CAN1_TX_IRQHandler
                0x08002f94                SVC_Handler
                0x08002f94                DMA2_Channel5_IRQHandler
                0x08002f94                DMA1_Channel5_IRQHandler
                0x08002f94                EXTI4_IRQHandler
                0x08002f94                RNG_IRQHandler
                0x08002f94                TIM1_TRG_COM_TIM17_IRQHandler
                0x08002f94                DMA1_Channel3_IRQHandler
                0x08002f94                COMP_IRQHandler
                0x08002f94                WWDG_IRQHandler
                0x08002f94                LPUART1_IRQHandler
                0x08002f94                DMA2_Channel6_IRQHandler
                0x08002f94                TIM2_IRQHandler
                0x08002f94                EXTI1_IRQHandler
                0x08002f94                USART2_IRQHandler
                0x08002f94                DFSDM1_FLT0_IRQHandler
                0x08002f94                I2C2_ER_IRQHandler
                0x08002f94                DMA1_Channel2_IRQHandler
                0x08002f94                TIM8_BRK_IRQHandler
                0x08002f94                CAN1_SCE_IRQHandler
                0x08002f94                FLASH_IRQHandler
                0x08002f94                BusFault_Handler
                0x08002f94                USART1_IRQHandler
                0x08002f94                OTG_FS_IRQHandler
                0x08002f94                SPI3_IRQHandler
                0x08002f94                I2C1_ER_IRQHandler
                0x08002f94                FMC_IRQHandler
                0x08002f94                SWPMI1_IRQHandler
                0x08002f94                LPTIM1_IRQHandler
                0x08002f94                SAI1_IRQHandler
                0x08002f94                DMA2_Channel3_IRQHandler
                0x08002f94                TIM1_BRK_TIM15_IRQHandler
 *fill*         0x08002f96        0x2 
 .text.__libc_init_array
                0x08002f98       0x48 c:/ac6/systemworkbench/plugins/fr.ac6.mcu.externaltools.arm-none.win32_1.15.0.201708311556/tools/compiler/bin/../lib/gcc/arm-none-eabi/6.3.1/../../../../arm-none-eabi/lib/thumb/v7e-m/fpv4-sp/hard\libc_nano.a(lib_a-init.o)
                0x08002f98                __libc_init_array
 *(.glue_7)
 .glue_7        0x08002fe0        0x0 linker stubs
 *(.glue_7t)
 .glue_7t       0x08002fe0        0x0 linker stubs
 *(.eh_frame)
 .eh_frame      0x08002fe0        0x0 c:/ac6/systemworkbench/plugins/fr.ac6.mcu.externaltools.arm-none.win32_1.15.0.201708311556/tools/compiler/bin/../lib/gcc/arm-none-eabi/6.3.1/thumb/v7e-m/fpv4-sp/hard/crtbegin.o
 *(.init)
 .init          0x08002fe0        0x4 c:/ac6/systemworkbench/plugins/fr.ac6.mcu.externaltools.arm-none.win32_1.15.0.201708311556/tools/compiler/bin/../lib/gcc/arm-none-eabi/6.3.1/thumb/v7e-m/fpv4-sp/hard/crti.o
                0x08002fe0                _init
 .init          0x08002fe4        0x8 c:/ac6/systemworkbench/plugins/fr.ac6.mcu.externaltools.arm-none.win32_1.15.0.201708311556/tools/compiler/bin/../lib/gcc/arm-none-eabi/6.3.1/thumb/v7e-m/fpv4-sp/hard/crtn.o
 *(.fini)
 .fini          0x08002fec        0x4 c:/ac6/systemworkbench/plugins/fr.ac6.mcu.externaltools.arm-none.win32_1.15.0.201708311556/tools/compiler/bin/../lib/gcc/arm-none-eabi/6.3.1/thumb/v7e-m/fpv4-sp/hard/crti.o
                0x08002fec                _fini
 .fini          0x08002ff0        0x8 c:/ac6/systemworkbench/plugins/fr.ac6.mcu.externaltools.arm-none.win32_1.15.0.201708311556/tools/compiler/bin/../lib/gcc/arm-none-eabi/6.3.1/thumb/v7e-m/fpv4-sp/hard/crtn.o
                0x08002ff8                . = ALIGN (0x8)
                0x08002ff8                _etext = .

.vfp11_veneer   0x08002ff8        0x0
 .vfp11_veneer  0x08002ff8        0x0 linker stubs

.v4_bx          0x08002ff8        0x0
 .v4_bx         0x08002ff8        0x0 linker stubs

.iplt           0x08002ff8        0x0
 .iplt          0x08002ff8        0x0 c:/ac6/systemworkbench/plugins/fr.ac6.mcu.externaltools.arm-none.win32_1.15.0.201708311556/tools/compiler/bin/../lib/gcc/arm-none-eabi/6.3.1/thumb/v7e-m/fpv4-sp/hard/crtbegin.o

.rodata         0x08002ff8       0xa8
                0x08002ff8                . = ALIGN (0x8)
 *(.rodata)
 .rodata        0x08002ff8       0x48 Src/system_stm32l4xx.o
                0x08002ff8                MSIRangeTable
                0x08003028                AHBPrescTable
                0x08003038                APBPrescTable
 *(.rodata*)
 .rodata.str1.4
                0x08003040       0x17 Src/Communication.o
 *fill*         0x08003057        0x1 
 .rodata.str1.4
                0x08003058        0xd Src/i2c.o
 *fill*         0x08003065        0x3 
 .rodata.str1.4
                0x08003068       0x24 Src/main.o
 .rodata.str1.4
                0x0800308c       0x10 Src/usart.o
                                  0xf (size before relaxing)
                0x080030a0                . = ALIGN (0x8)
 *fill*         0x0800309c        0x4 

.ARM.extab      0x080030a0        0x0
                0x080030a0                . = ALIGN (0x8)
 *(.ARM.extab* .gnu.linkonce.armextab.*)
                0x080030a0                . = ALIGN (0x8)

.ARM            0x080030a0        0x8
                0x080030a0                . = ALIGN (0x8)
                0x080030a0                __exidx_start = .
 *(.ARM.exidx*)
 .ARM.exidx     0x080030a0        0x8 c:/ac6/systemworkbench/plugins/fr.ac6.mcu.externaltools.arm-none.win32_1.15.0.201708311556/tools/compiler/bin/../lib/gcc/arm-none-eabi/6.3.1/thumb/v7e-m/fpv4-sp/hard\libgcc.a(_udivmoddi4.o)
                0x080030a8                __exidx_end = .
                0x080030a8                . = ALIGN (0x8)

.rel.dyn        0x080030a8        0x0
 .rel.iplt      0x080030a8        0x0 c:/ac6/systemworkbench/plugins/fr.ac6.mcu.externaltools.arm-none.win32_1.15.0.201708311556/tools/compiler/bin/../lib/gcc/arm-none-eabi/6.3.1/thumb/v7e-m/fpv4-sp/hard/crtbegin.o

.preinit_array  0x080030a8        0x0
                0x080030a8                . = ALIGN (0x8)
                0x080030a8                PROVIDE (__preinit_array_start, .)
 *(.preinit_array*)
                0x080030a8                PROVIDE (__preinit_array_end, .)
                0x080030a8                . = ALIGN (0x8)

.init_array     0x080030a8        0x8
                0x080030a8                . = ALIGN (0x8)
                0x080030a8                PROVIDE (__init_array_start, .)
 *(SORT(.init_array.*))
 *(.init_array*)
 .init_array    0x080030a8        0x4 c:/ac6/systemworkbench/plugins/fr.ac6.mcu.externaltools.arm-none.win32_1.15.0.201708311556/tools/compiler/bin/../lib/gcc/arm-none-eabi/6.3.1/thumb/v7e-m/fpv4-sp/hard/crtbegin.o
                0x080030ac                PROVIDE (__init_array_end, .)
                0x080030b0                . = ALIGN (0x8)
 *fill*         0x080030ac        0x4 

.fini_array     0x080030b0        0x8
                0x080030b0                . = ALIGN (0x8)
                [!provide]                PROVIDE (__fini_array_start, .)
 *(SORT(.fini_array.*))
 *(.fini_array*)
 .fini_array    0x080030b0        0x4 c:/ac6/systemworkbench/plugins/fr.ac6.mcu.externaltools.arm-none.win32_1.15.0.201708311556/tools/compiler/bin/../lib/gcc/arm-none-eabi/6.3.1/thumb/v7e-m/fpv4-sp/hard/crtbegin.o
                [!provide]                PROVIDE (__fini_array_end, .)
                0x080030b8                . = ALIGN (0x8)
 *fill*         0x080030b4        0x4 
                0x080030b8                _sidata = LOADADDR (.data)

.data           0x20000000        0x8 load address 0x080030b8
                0x20000000                . = ALIGN (0x8)
                0x20000000                _sdata = .
 *(.data)
 .data          0x20000000        0x4 Src/system_stm32l4xx.o
                0x20000000                SystemCoreClock
 *(.data*)
                0x20000008                . = ALIGN (0x8)
 *fill*         0x20000004        0x4 
                0x20000008                _edata = .

.jcr            0x20000008        0x0 load address 0x080030c0
 .jcr           0x20000008        0x0 c:/ac6/systemworkbench/plugins/fr.ac6.mcu.externaltools.arm-none.win32_1.15.0.201708311556/tools/compiler/bin/../lib/gcc/arm-none-eabi/6.3.1/thumb/v7e-m/fpv4-sp/hard/crtbegin.o

.igot.plt       0x20000008        0x0 load address 0x080030c0
 .igot.plt      0x20000008        0x0 c:/ac6/systemworkbench/plugins/fr.ac6.mcu.externaltools.arm-none.win32_1.15.0.201708311556/tools/compiler/bin/../lib/gcc/arm-none-eabi/6.3.1/thumb/v7e-m/fpv4-sp/hard/crtbegin.o
                0x20000008                . = ALIGN (0x4)

.bss            0x20000008      0x354 load address 0x080030c0
                0x20000008                _sbss = .
                0x20000008                __bss_start__ = _sbss
 *(.bss)
 .bss           0x20000008       0x1c c:/ac6/systemworkbench/plugins/fr.ac6.mcu.externaltools.arm-none.win32_1.15.0.201708311556/tools/compiler/bin/../lib/gcc/arm-none-eabi/6.3.1/thumb/v7e-m/fpv4-sp/hard/crtbegin.o
 .bss           0x20000024        0x3 Src/ADXL345.o
                0x20000024                communicationType
                0x20000025                selectedRange
                0x20000026                fullResolutionSet
 .bss           0x20000027        0x1 Src/main.o
                0x20000027                accel_ready
 *(.bss*)
 *(COMMON)
 COMMON         0x20000028        0x4 Drivers/STM32L4xx_HAL_Driver/Src/stm32l4xx_hal.o
                0x20000028                uwTick
 COMMON         0x2000002c      0x268 Src/accel_control.o
                0x2000002c                reg
                0x20000030                accelCurrentPos
                0x20000034                dummy_x
                0x20000036                dummy_z
                0x20000038                accel
                0x20000292                dummy_y
 COMMON         0x20000294       0x4c Src/i2c.o
                0x20000294                hi2c3
 COMMON         0x200002e0        0x2 Src/main.o
                0x200002e0                rec
 *fill*         0x200002e2        0x2 
 COMMON         0x200002e4       0x78 Src/usart.o
                0x200002e4                huart2
                0x2000035c                . = ALIGN (0x4)
                0x2000035c                _ebss = .
                0x2000035c                __bss_end__ = _ebss

._user_heap_stack
                0x2000035c      0x604 load address 0x080030c0
                0x20000360                . = ALIGN (0x8)
 *fill*         0x2000035c        0x4 
                [!provide]                PROVIDE (end, .)
                [!provide]                PROVIDE (_end, .)
                0x20000560                . = (. + _Min_Heap_Size)
 *fill*         0x20000360      0x200 
                0x20000960                . = (. + _Min_Stack_Size)
 *fill*         0x20000560      0x400 
                0x20000960                . = ALIGN (0x8)

/DISCARD/
 libc.a(*)
 libm.a(*)
 libgcc.a(*)

.ARM.attributes
                0x00000000       0x30
 *(.ARM.attributes)
 .ARM.attributes
                0x00000000       0x22 c:/ac6/systemworkbench/plugins/fr.ac6.mcu.externaltools.arm-none.win32_1.15.0.201708311556/tools/compiler/bin/../lib/gcc/arm-none-eabi/6.3.1/thumb/v7e-m/fpv4-sp/hard/crti.o
 .ARM.attributes
                0x00000022       0x34 c:/ac6/systemworkbench/plugins/fr.ac6.mcu.externaltools.arm-none.win32_1.15.0.201708311556/tools/compiler/bin/../lib/gcc/arm-none-eabi/6.3.1/thumb/v7e-m/fpv4-sp/hard/crtbegin.o
 .ARM.attributes
                0x00000056       0x39 Drivers/STM32L4xx_HAL_Driver/Src/stm32l4xx_hal.o
 .ARM.attributes
                0x0000008f       0x39 Drivers/STM32L4xx_HAL_Driver/Src/stm32l4xx_hal_cortex.o
 .ARM.attributes
                0x000000c8       0x39 Drivers/STM32L4xx_HAL_Driver/Src/stm32l4xx_hal_gpio.o
 .ARM.attributes
                0x00000101       0x39 Drivers/STM32L4xx_HAL_Driver/Src/stm32l4xx_hal_i2c.o
 .ARM.attributes
                0x0000013a       0x39 Drivers/STM32L4xx_HAL_Driver/Src/stm32l4xx_hal_i2c_ex.o
 .ARM.attributes
                0x00000173       0x39 Drivers/STM32L4xx_HAL_Driver/Src/stm32l4xx_hal_pwr_ex.o
 .ARM.attributes
                0x000001ac       0x39 Drivers/STM32L4xx_HAL_Driver/Src/stm32l4xx_hal_rcc.o
 .ARM.attributes
                0x000001e5       0x39 Drivers/STM32L4xx_HAL_Driver/Src/stm32l4xx_hal_rcc_ex.o
 .ARM.attributes
                0x0000021e       0x39 Drivers/STM32L4xx_HAL_Driver/Src/stm32l4xx_hal_uart.o
 .ARM.attributes
                0x00000257       0x39 Src/ADXL345.o
 .ARM.attributes
                0x00000290       0x39 Src/Communication.o
 .ARM.attributes
                0x000002c9       0x39 Src/accel_control.o
 .ARM.attributes
                0x00000302       0x39 Src/gpio.o
 .ARM.attributes
                0x0000033b       0x39 Src/i2c.o
 .ARM.attributes
                0x00000374       0x39 Src/main.o
 .ARM.attributes
                0x000003ad       0x39 Src/stm32l4xx_hal_msp.o
 .ARM.attributes
                0x000003e6       0x39 Src/stm32l4xx_it.o
 .ARM.attributes
                0x0000041f       0x39 Src/system_stm32l4xx.o
 .ARM.attributes
                0x00000458       0x39 Src/usart.o
 .ARM.attributes
                0x00000491       0x21 startup/startup_stm32l476xx.o
 .ARM.attributes
                0x000004b2       0x22 c:/ac6/systemworkbench/plugins/fr.ac6.mcu.externaltools.arm-none.win32_1.15.0.201708311556/tools/compiler/bin/../lib/gcc/arm-none-eabi/6.3.1/thumb/v7e-m/fpv4-sp/hard\libgcc.a(_aeabi_uldivmod.o)
 .ARM.attributes
                0x000004d4       0x34 c:/ac6/systemworkbench/plugins/fr.ac6.mcu.externaltools.arm-none.win32_1.15.0.201708311556/tools/compiler/bin/../lib/gcc/arm-none-eabi/6.3.1/thumb/v7e-m/fpv4-sp/hard\libgcc.a(_udivmoddi4.o)
 .ARM.attributes
                0x00000508       0x22 c:/ac6/systemworkbench/plugins/fr.ac6.mcu.externaltools.arm-none.win32_1.15.0.201708311556/tools/compiler/bin/../lib/gcc/arm-none-eabi/6.3.1/thumb/v7e-m/fpv4-sp/hard\libgcc.a(_dvmd_tls.o)
 .ARM.attributes
                0x0000052a       0x34 c:/ac6/systemworkbench/plugins/fr.ac6.mcu.externaltools.arm-none.win32_1.15.0.201708311556/tools/compiler/bin/../lib/gcc/arm-none-eabi/6.3.1/../../../../arm-none-eabi/lib/thumb/v7e-m/fpv4-sp/hard\libc_nano.a(lib_a-init.o)
 .ARM.attributes
                0x0000055e       0x22 c:/ac6/systemworkbench/plugins/fr.ac6.mcu.externaltools.arm-none.win32_1.15.0.201708311556/tools/compiler/bin/../lib/gcc/arm-none-eabi/6.3.1/thumb/v7e-m/fpv4-sp/hard/crtn.o
OUTPUT(hackathon_accel_base.elf elf32-littlearm)

.debug_info     0x00000000    0x19a09
 .debug_info    0x00000000     0x1427 Drivers/STM32L4xx_HAL_Driver/Src/stm32l4xx_hal.o
 .debug_info    0x00001427     0x1789 Drivers/STM32L4xx_HAL_Driver/Src/stm32l4xx_hal_cortex.o
 .debug_info    0x00002bb0     0x1090 Drivers/STM32L4xx_HAL_Driver/Src/stm32l4xx_hal_gpio.o
 .debug_info    0x00003c40     0x3fb8 Drivers/STM32L4xx_HAL_Driver/Src/stm32l4xx_hal_i2c.o
 .debug_info    0x00007bf8     0x1256 Drivers/STM32L4xx_HAL_Driver/Src/stm32l4xx_hal_i2c_ex.o
 .debug_info    0x00008e4e     0x12cd Drivers/STM32L4xx_HAL_Driver/Src/stm32l4xx_hal_pwr_ex.o
 .debug_info    0x0000a11b     0x15d0 Drivers/STM32L4xx_HAL_Driver/Src/stm32l4xx_hal_rcc.o
 .debug_info    0x0000b6eb     0x18da Drivers/STM32L4xx_HAL_Driver/Src/stm32l4xx_hal_rcc_ex.o
 .debug_info    0x0000cfc5     0x23f9 Drivers/STM32L4xx_HAL_Driver/Src/stm32l4xx_hal_uart.o
 .debug_info    0x0000f3be      0xae9 Src/ADXL345.o
 .debug_info    0x0000fea7     0x110e Src/Communication.o
 .debug_info    0x00010fb5     0x1140 Src/accel_control.o
 .debug_info    0x000120f5     0x103b Src/gpio.o
 .debug_info    0x00013130     0x1347 Src/i2c.o
 .debug_info    0x00014477     0x1ae3 Src/main.o
 .debug_info    0x00015f5a      0xee0 Src/stm32l4xx_hal_msp.o
 .debug_info    0x00016e3a      0xa11 Src/stm32l4xx_it.o
 .debug_info    0x0001784b      0xde9 Src/system_stm32l4xx.o
 .debug_info    0x00018634     0x1348 Src/usart.o
 .debug_info    0x0001997c       0x8d startup/startup_stm32l476xx.o

.debug_abbrev   0x00000000     0x3027
 .debug_abbrev  0x00000000      0x2ec Drivers/STM32L4xx_HAL_Driver/Src/stm32l4xx_hal.o
 .debug_abbrev  0x000002ec      0x3b8 Drivers/STM32L4xx_HAL_Driver/Src/stm32l4xx_hal_cortex.o
 .debug_abbrev  0x000006a4      0x2a5 Drivers/STM32L4xx_HAL_Driver/Src/stm32l4xx_hal_gpio.o
 .debug_abbrev  0x00000949      0x2dd Drivers/STM32L4xx_HAL_Driver/Src/stm32l4xx_hal_i2c.o
 .debug_abbrev  0x00000c26      0x255 Drivers/STM32L4xx_HAL_Driver/Src/stm32l4xx_hal_i2c_ex.o
 .debug_abbrev  0x00000e7b      0x2d2 Drivers/STM32L4xx_HAL_Driver/Src/stm32l4xx_hal_pwr_ex.o
 .debug_abbrev  0x0000114d      0x2ea Drivers/STM32L4xx_HAL_Driver/Src/stm32l4xx_hal_rcc.o
 .debug_abbrev  0x00001437      0x30a Drivers/STM32L4xx_HAL_Driver/Src/stm32l4xx_hal_rcc_ex.o
 .debug_abbrev  0x00001741      0x2f4 Drivers/STM32L4xx_HAL_Driver/Src/stm32l4xx_hal_uart.o
 .debug_abbrev  0x00001a35      0x156 Src/ADXL345.o
 .debug_abbrev  0x00001b8b      0x24b Src/Communication.o
 .debug_abbrev  0x00001dd6      0x27d Src/accel_control.o
 .debug_abbrev  0x00002053      0x232 Src/gpio.o
 .debug_abbrev  0x00002285      0x256 Src/i2c.o
 .debug_abbrev  0x000024db      0x299 Src/main.o
 .debug_abbrev  0x00002774      0x232 Src/stm32l4xx_hal_msp.o
 .debug_abbrev  0x000029a6      0x1f3 Src/stm32l4xx_it.o
 .debug_abbrev  0x00002b99      0x226 Src/system_stm32l4xx.o
 .debug_abbrev  0x00002dbf      0x256 Src/usart.o
 .debug_abbrev  0x00003015       0x12 startup/startup_stm32l476xx.o

.debug_loc      0x00000000     0x99c1
 .debug_loc     0x00000000       0xf8 Drivers/STM32L4xx_HAL_Driver/Src/stm32l4xx_hal.o
 .debug_loc     0x000000f8      0x5ce Drivers/STM32L4xx_HAL_Driver/Src/stm32l4xx_hal_cortex.o
 .debug_loc     0x000006c6      0x33d Drivers/STM32L4xx_HAL_Driver/Src/stm32l4xx_hal_gpio.o
 .debug_loc     0x00000a03     0x3e00 Drivers/STM32L4xx_HAL_Driver/Src/stm32l4xx_hal_i2c.o
 .debug_loc     0x00004803      0x204 Drivers/STM32L4xx_HAL_Driver/Src/stm32l4xx_hal_i2c_ex.o
 .debug_loc     0x00004a07      0x8f5 Drivers/STM32L4xx_HAL_Driver/Src/stm32l4xx_hal_pwr_ex.o
 .debug_loc     0x000052fc      0x5d2 Drivers/STM32L4xx_HAL_Driver/Src/stm32l4xx_hal_rcc.o
 .debug_loc     0x000058ce     0x1ac1 Drivers/STM32L4xx_HAL_Driver/Src/stm32l4xx_hal_rcc_ex.o
 .debug_loc     0x0000738f     0x1838 Drivers/STM32L4xx_HAL_Driver/Src/stm32l4xx_hal_uart.o
 .debug_loc     0x00008bc7      0x97f Src/ADXL345.o
 .debug_loc     0x00009546      0x1a2 Src/Communication.o
 .debug_loc     0x000096e8       0x3f Src/accel_control.o
 .debug_loc     0x00009727       0x5b Src/i2c.o
 .debug_loc     0x00009782      0x1e4 Src/system_stm32l4xx.o
 .debug_loc     0x00009966       0x5b Src/usart.o

.debug_aranges  0x00000000      0xba8
 .debug_aranges
                0x00000000      0x118 Drivers/STM32L4xx_HAL_Driver/Src/stm32l4xx_hal.o
 .debug_aranges
                0x00000118       0xa8 Drivers/STM32L4xx_HAL_Driver/Src/stm32l4xx_hal_cortex.o
 .debug_aranges
                0x000001c0       0x58 Drivers/STM32L4xx_HAL_Driver/Src/stm32l4xx_hal_gpio.o
 .debug_aranges
                0x00000218      0x288 Drivers/STM32L4xx_HAL_Driver/Src/stm32l4xx_hal_i2c.o
 .debug_aranges
                0x000004a0       0x48 Drivers/STM32L4xx_HAL_Driver/Src/stm32l4xx_hal_i2c_ex.o
 .debug_aranges
                0x000004e8      0x148 Drivers/STM32L4xx_HAL_Driver/Src/stm32l4xx_hal_pwr_ex.o
 .debug_aranges
                0x00000630       0x88 Drivers/STM32L4xx_HAL_Driver/Src/stm32l4xx_hal_rcc.o
 .debug_aranges
                0x000006b8       0xb8 Drivers/STM32L4xx_HAL_Driver/Src/stm32l4xx_hal_rcc_ex.o
 .debug_aranges
                0x00000770      0x1f8 Drivers/STM32L4xx_HAL_Driver/Src/stm32l4xx_hal_uart.o
 .debug_aranges
                0x00000968       0x78 Src/ADXL345.o
 .debug_aranges
                0x000009e0       0x48 Src/Communication.o
 .debug_aranges
                0x00000a28       0x38 Src/accel_control.o
 .debug_aranges
                0x00000a60       0x20 Src/gpio.o
 .debug_aranges
                0x00000a80       0x30 Src/i2c.o
 .debug_aranges
                0x00000ab0       0x30 Src/main.o
 .debug_aranges
                0x00000ae0       0x20 Src/stm32l4xx_hal_msp.o
 .debug_aranges
                0x00000b00       0x28 Src/stm32l4xx_it.o
 .debug_aranges
                0x00000b28       0x28 Src/system_stm32l4xx.o
 .debug_aranges
                0x00000b50       0x30 Src/usart.o
 .debug_aranges
                0x00000b80       0x28 startup/startup_stm32l476xx.o

.debug_ranges   0x00000000      0xb08
 .debug_ranges  0x00000000      0x108 Drivers/STM32L4xx_HAL_Driver/Src/stm32l4xx_hal.o
 .debug_ranges  0x00000108       0xf8 Drivers/STM32L4xx_HAL_Driver/Src/stm32l4xx_hal_cortex.o
 .debug_ranges  0x00000200       0x48 Drivers/STM32L4xx_HAL_Driver/Src/stm32l4xx_hal_gpio.o
 .debug_ranges  0x00000248      0x278 Drivers/STM32L4xx_HAL_Driver/Src/stm32l4xx_hal_i2c.o
 .debug_ranges  0x000004c0       0x38 Drivers/STM32L4xx_HAL_Driver/Src/stm32l4xx_hal_i2c_ex.o
 .debug_ranges  0x000004f8      0x138 Drivers/STM32L4xx_HAL_Driver/Src/stm32l4xx_hal_pwr_ex.o
 .debug_ranges  0x00000630       0x90 Drivers/STM32L4xx_HAL_Driver/Src/stm32l4xx_hal_rcc.o
 .debug_ranges  0x000006c0       0xc8 Drivers/STM32L4xx_HAL_Driver/Src/stm32l4xx_hal_rcc_ex.o
 .debug_ranges  0x00000788      0x1e8 Drivers/STM32L4xx_HAL_Driver/Src/stm32l4xx_hal_uart.o
 .debug_ranges  0x00000970       0x68 Src/ADXL345.o
 .debug_ranges  0x000009d8       0x38 Src/Communication.o
 .debug_ranges  0x00000a10       0x28 Src/accel_control.o
 .debug_ranges  0x00000a38       0x10 Src/gpio.o
 .debug_ranges  0x00000a48       0x20 Src/i2c.o
 .debug_ranges  0x00000a68       0x20 Src/main.o
 .debug_ranges  0x00000a88       0x10 Src/stm32l4xx_hal_msp.o
 .debug_ranges  0x00000a98       0x18 Src/stm32l4xx_it.o
 .debug_ranges  0x00000ab0       0x18 Src/system_stm32l4xx.o
 .debug_ranges  0x00000ac8       0x20 Src/usart.o
 .debug_ranges  0x00000ae8       0x20 startup/startup_stm32l476xx.o

.debug_macro    0x00000000    0x277c4
 .debug_macro   0x00000000      0x369 Drivers/STM32L4xx_HAL_Driver/Src/stm32l4xx_hal.o
 .debug_macro   0x00000369      0x8bc Drivers/STM32L4xx_HAL_Driver/Src/stm32l4xx_hal.o
 .debug_macro   0x00000c25       0x7c Drivers/STM32L4xx_HAL_Driver/Src/stm32l4xx_hal.o
 .debug_macro   0x00000ca1       0xae Drivers/STM32L4xx_HAL_Driver/Src/stm32l4xx_hal.o
 .debug_macro   0x00000d4f       0x2e Drivers/STM32L4xx_HAL_Driver/Src/stm32l4xx_hal.o
 .debug_macro   0x00000d7d       0x28 Drivers/STM32L4xx_HAL_Driver/Src/stm32l4xx_hal.o
 .debug_macro   0x00000da5       0x22 Drivers/STM32L4xx_HAL_Driver/Src/stm32l4xx_hal.o
 .debug_macro   0x00000dc7       0x87 Drivers/STM32L4xx_HAL_Driver/Src/stm32l4xx_hal.o
 .debug_macro   0x00000e4e       0x51 Drivers/STM32L4xx_HAL_Driver/Src/stm32l4xx_hal.o
 .debug_macro   0x00000e9f       0xef Drivers/STM32L4xx_HAL_Driver/Src/stm32l4xx_hal.o
 .debug_macro   0x00000f8e       0x6a Drivers/STM32L4xx_HAL_Driver/Src/stm32l4xx_hal.o
 .debug_macro   0x00000ff8      0x1df Drivers/STM32L4xx_HAL_Driver/Src/stm32l4xx_hal.o
 .debug_macro   0x000011d7       0x35 Drivers/STM32L4xx_HAL_Driver/Src/stm32l4xx_hal.o
 .debug_macro   0x0000120c       0x50 Drivers/STM32L4xx_HAL_Driver/Src/stm32l4xx_hal.o
 .debug_macro   0x0000125c      0xe66 Drivers/STM32L4xx_HAL_Driver/Src/stm32l4xx_hal.o
 .debug_macro   0x000020c2    0x1a102 Drivers/STM32L4xx_HAL_Driver/Src/stm32l4xx_hal.o
 .debug_macro   0x0001c1c4       0x43 Drivers/STM32L4xx_HAL_Driver/Src/stm32l4xx_hal.o
 .debug_macro   0x0001c207     0x3788 Drivers/STM32L4xx_HAL_Driver/Src/stm32l4xx_hal.o
 .debug_macro   0x0001f98f       0x58 Drivers/STM32L4xx_HAL_Driver/Src/stm32l4xx_hal.o
 .debug_macro   0x0001f9e7       0x35 Drivers/STM32L4xx_HAL_Driver/Src/stm32l4xx_hal.o
 .debug_macro   0x0001fa1c       0x9c Drivers/STM32L4xx_HAL_Driver/Src/stm32l4xx_hal.o
 .debug_macro   0x0001fab8       0x16 Drivers/STM32L4xx_HAL_Driver/Src/stm32l4xx_hal.o
 .debug_macro   0x0001face       0x97 Drivers/STM32L4xx_HAL_Driver/Src/stm32l4xx_hal.o
 .debug_macro   0x0001fb65      0x330 Drivers/STM32L4xx_HAL_Driver/Src/stm32l4xx_hal.o
 .debug_macro   0x0001fe95       0xfd Drivers/STM32L4xx_HAL_Driver/Src/stm32l4xx_hal.o
 .debug_macro   0x0001ff92       0x10 Drivers/STM32L4xx_HAL_Driver/Src/stm32l4xx_hal.o
 .debug_macro   0x0001ffa2       0x58 Drivers/STM32L4xx_HAL_Driver/Src/stm32l4xx_hal.o
 .debug_macro   0x0001fffa       0x1f Drivers/STM32L4xx_HAL_Driver/Src/stm32l4xx_hal.o
 .debug_macro   0x00020019       0x43 Drivers/STM32L4xx_HAL_Driver/Src/stm32l4xx_hal.o
 .debug_macro   0x0002005c       0x20 Drivers/STM32L4xx_HAL_Driver/Src/stm32l4xx_hal.o
 .debug_macro   0x0002007c      0x187 Drivers/STM32L4xx_HAL_Driver/Src/stm32l4xx_hal.o
 .debug_macro   0x00020203       0x10 Drivers/STM32L4xx_HAL_Driver/Src/stm32l4xx_hal.o
 .debug_macro   0x00020213       0x1c Drivers/STM32L4xx_HAL_Driver/Src/stm32l4xx_hal.o
 .debug_macro   0x0002022f       0x52 Drivers/STM32L4xx_HAL_Driver/Src/stm32l4xx_hal.o
 .debug_macro   0x00020281       0x40 Drivers/STM32L4xx_HAL_Driver/Src/stm32l4xx_hal.o
 .debug_macro   0x000202c1       0x10 Drivers/STM32L4xx_HAL_Driver/Src/stm32l4xx_hal.o
 .debug_macro   0x000202d1       0x40 Drivers/STM32L4xx_HAL_Driver/Src/stm32l4xx_hal.o
 .debug_macro   0x00020311       0xd7 Drivers/STM32L4xx_HAL_Driver/Src/stm32l4xx_hal.o
 .debug_macro   0x000203e8       0x16 Drivers/STM32L4xx_HAL_Driver/Src/stm32l4xx_hal.o
 .debug_macro   0x000203fe      0x18b Drivers/STM32L4xx_HAL_Driver/Src/stm32l4xx_hal.o
 .debug_macro   0x00020589       0x50 Drivers/STM32L4xx_HAL_Driver/Src/stm32l4xx_hal.o
 .debug_macro   0x000205d9     0x155f Drivers/STM32L4xx_HAL_Driver/Src/stm32l4xx_hal.o
 .debug_macro   0x00021b38      0x59e Drivers/STM32L4xx_HAL_Driver/Src/stm32l4xx_hal.o
 .debug_macro   0x000220d6      0x148 Drivers/STM32L4xx_HAL_Driver/Src/stm32l4xx_hal.o
 .debug_macro   0x0002221e      0x18b Drivers/STM32L4xx_HAL_Driver/Src/stm32l4xx_hal.o
 .debug_macro   0x000223a9      0x26b Drivers/STM32L4xx_HAL_Driver/Src/stm32l4xx_hal.o
 .debug_macro   0x00022614      0x23a Drivers/STM32L4xx_HAL_Driver/Src/stm32l4xx_hal.o
 .debug_macro   0x0002284e      0x36e Drivers/STM32L4xx_HAL_Driver/Src/stm32l4xx_hal.o
 .debug_macro   0x00022bbc       0xe4 Drivers/STM32L4xx_HAL_Driver/Src/stm32l4xx_hal.o
 .debug_macro   0x00022ca0      0x225 Drivers/STM32L4xx_HAL_Driver/Src/stm32l4xx_hal.o
 .debug_macro   0x00022ec5       0x61 Drivers/STM32L4xx_HAL_Driver/Src/stm32l4xx_hal.o
 .debug_macro   0x00022f26       0x97 Drivers/STM32L4xx_HAL_Driver/Src/stm32l4xx_hal.o
 .debug_macro   0x00022fbd      0x126 Drivers/STM32L4xx_HAL_Driver/Src/stm32l4xx_hal.o
 .debug_macro   0x000230e3      0x3db Drivers/STM32L4xx_HAL_Driver/Src/stm32l4xx_hal.o
 .debug_macro   0x000234be      0x55f Drivers/STM32L4xx_HAL_Driver/Src/stm32l4xx_hal.o
 .debug_macro   0x00023a1d       0x44 Drivers/STM32L4xx_HAL_Driver/Src/stm32l4xx_hal.o
 .debug_macro   0x00023a61      0x325 Drivers/STM32L4xx_HAL_Driver/Src/stm32l4xx_hal.o
 .debug_macro   0x00023d86      0x31b Drivers/STM32L4xx_HAL_Driver/Src/stm32l4xx_hal_cortex.o
 .debug_macro   0x000240a1      0x35a Drivers/STM32L4xx_HAL_Driver/Src/stm32l4xx_hal_gpio.o
 .debug_macro   0x000243fb      0x3e7 Drivers/STM32L4xx_HAL_Driver/Src/stm32l4xx_hal_i2c.o
 .debug_macro   0x000247e2      0x31b Drivers/STM32L4xx_HAL_Driver/Src/stm32l4xx_hal_i2c_ex.o
 .debug_macro   0x00024afd      0x33f Drivers/STM32L4xx_HAL_Driver/Src/stm32l4xx_hal_pwr_ex.o
 .debug_macro   0x00024e3c      0x35d Drivers/STM32L4xx_HAL_Driver/Src/stm32l4xx_hal_rcc.o
 .debug_macro   0x00025199      0x351 Drivers/STM32L4xx_HAL_Driver/Src/stm32l4xx_hal_rcc_ex.o
 .debug_macro   0x000254ea      0x346 Drivers/STM32L4xx_HAL_Driver/Src/stm32l4xx_hal_uart.o
 .debug_macro   0x00025830       0x24 Src/ADXL345.o
 .debug_macro   0x00025854      0x253 Src/ADXL345.o
 .debug_macro   0x00025aa7      0x335 Src/Communication.o
 .debug_macro   0x00025ddc      0x33b Src/accel_control.o
 .debug_macro   0x00026117       0x34 Src/accel_control.o
 .debug_macro   0x0002614b       0x3b Src/accel_control.o
 .debug_macro   0x00026186      0x325 Src/gpio.o
 .debug_macro   0x000264ab      0x32f Src/i2c.o
 .debug_macro   0x000267da      0x359 Src/main.o
 .debug_macro   0x00026b33      0x31b Src/stm32l4xx_hal_msp.o
 .debug_macro   0x00026e4e      0x325 Src/stm32l4xx_it.o
 .debug_macro   0x00027173      0x322 Src/system_stm32l4xx.o
 .debug_macro   0x00027495      0x32f Src/usart.o

.debug_line     0x00000000     0xcf1a
 .debug_line    0x00000000      0xa91 Drivers/STM32L4xx_HAL_Driver/Src/stm32l4xx_hal.o
 .debug_line    0x00000a91      0xa5a Drivers/STM32L4xx_HAL_Driver/Src/stm32l4xx_hal_cortex.o
 .debug_line    0x000014eb      0x9ca Drivers/STM32L4xx_HAL_Driver/Src/stm32l4xx_hal_gpio.o
 .debug_line    0x00001eb5     0x1cc4 Drivers/STM32L4xx_HAL_Driver/Src/stm32l4xx_hal_i2c.o
 .debug_line    0x00003b79      0x9a9 Drivers/STM32L4xx_HAL_Driver/Src/stm32l4xx_hal_i2c_ex.o
 .debug_line    0x00004522      0xcb1 Drivers/STM32L4xx_HAL_Driver/Src/stm32l4xx_hal_pwr_ex.o
 .debug_line    0x000051d3      0xb91 Drivers/STM32L4xx_HAL_Driver/Src/stm32l4xx_hal_rcc.o
 .debug_line    0x00005d64      0xe32 Drivers/STM32L4xx_HAL_Driver/Src/stm32l4xx_hal_rcc_ex.o
 .debug_line    0x00006b96     0x13e4 Drivers/STM32L4xx_HAL_Driver/Src/stm32l4xx_hal_uart.o
 .debug_line    0x00007f7a      0x21e Src/ADXL345.o
 .debug_line    0x00008198      0x8c2 Src/Communication.o
 .debug_line    0x00008a5a      0x8cf Src/accel_control.o
 .debug_line    0x00009329      0x854 Src/gpio.o
 .debug_line    0x00009b7d      0x889 Src/i2c.o
 .debug_line    0x0000a406      0x8d6 Src/main.o
 .debug_line    0x0000acdc      0x84d Src/stm32l4xx_hal_msp.o
 .debug_line    0x0000b529      0x864 Src/stm32l4xx_it.o
 .debug_line    0x0000bd8d      0x886 Src/system_stm32l4xx.o
 .debug_line    0x0000c613      0x888 Src/usart.o
 .debug_line    0x0000ce9b       0x7f startup/startup_stm32l476xx.o

.debug_str      0x00000000    0xe66b0
 .debug_str     0x00000000    0xe2390 Drivers/STM32L4xx_HAL_Driver/Src/stm32l4xx_hal.o
                              0xe2822 (size before relaxing)
 .debug_str     0x000e2390      0x3a7 Drivers/STM32L4xx_HAL_Driver/Src/stm32l4xx_hal_cortex.o
                              0xe24d5 (size before relaxing)
 .debug_str     0x000e2737      0x312 Drivers/STM32L4xx_HAL_Driver/Src/stm32l4xx_hal_gpio.o
                              0xe1f68 (size before relaxing)
 .debug_str     0x000e2a49     0x127c Drivers/STM32L4xx_HAL_Driver/Src/stm32l4xx_hal_i2c.o
                              0xe2e19 (size before relaxing)
 .debug_str     0x000e3cc5       0xb8 Drivers/STM32L4xx_HAL_Driver/Src/stm32l4xx_hal_i2c_ex.o
                              0xe21d2 (size before relaxing)
 .debug_str     0x000e3d7d      0x4ab Drivers/STM32L4xx_HAL_Driver/Src/stm32l4xx_hal_pwr_ex.o
                              0xe21a3 (size before relaxing)
 .debug_str     0x000e4228      0x494 Drivers/STM32L4xx_HAL_Driver/Src/stm32l4xx_hal_rcc.o
                              0xe2267 (size before relaxing)
 .debug_str     0x000e46bc      0x609 Drivers/STM32L4xx_HAL_Driver/Src/stm32l4xx_hal_rcc_ex.o
                              0xe243c (size before relaxing)
 .debug_str     0x000e4cc5      0xa49 Drivers/STM32L4xx_HAL_Driver/Src/stm32l4xx_hal_uart.o
                              0xe2944 (size before relaxing)
 .debug_str     0x000e570e      0xc4b Src/ADXL345.o
                               0x3258 (size before relaxing)
 .debug_str     0x000e6359       0x9d Src/Communication.o
                              0xe2085 (size before relaxing)
 .debug_str     0x000e63f6      0x147 Src/accel_control.o
                              0xe29fc (size before relaxing)
 .debug_str     0x000e653d       0x25 Src/gpio.o
                              0xe21b6 (size before relaxing)
 .debug_str     0x000e6562       0x24 Src/i2c.o
                              0xe21cd (size before relaxing)
 .debug_str     0x000e6586       0x58 Src/main.o
                              0xe3642 (size before relaxing)
 .debug_str     0x000e65de       0x1b Src/stm32l4xx_hal_msp.o
                              0xe2100 (size before relaxing)
 .debug_str     0x000e65f9       0x4d Src/stm32l4xx_it.o
                              0xe1b1f (size before relaxing)
 .debug_str     0x000e6646       0x50 Src/system_stm32l4xx.o
                              0xe1c8d (size before relaxing)
 .debug_str     0x000e6696       0x1a Src/usart.o
                              0xe2183 (size before relaxing)

.comment        0x00000000       0x7f
 .comment       0x00000000       0x7f Drivers/STM32L4xx_HAL_Driver/Src/stm32l4xx_hal.o
                                 0x80 (size before relaxing)
 .comment       0x0000007f       0x80 Drivers/STM32L4xx_HAL_Driver/Src/stm32l4xx_hal_cortex.o
 .comment       0x0000007f       0x80 Drivers/STM32L4xx_HAL_Driver/Src/stm32l4xx_hal_gpio.o
 .comment       0x0000007f       0x80 Drivers/STM32L4xx_HAL_Driver/Src/stm32l4xx_hal_i2c.o
 .comment       0x0000007f       0x80 Drivers/STM32L4xx_HAL_Driver/Src/stm32l4xx_hal_i2c_ex.o
 .comment       0x0000007f       0x80 Drivers/STM32L4xx_HAL_Driver/Src/stm32l4xx_hal_pwr_ex.o
 .comment       0x0000007f       0x80 Drivers/STM32L4xx_HAL_Driver/Src/stm32l4xx_hal_rcc.o
 .comment       0x0000007f       0x80 Drivers/STM32L4xx_HAL_Driver/Src/stm32l4xx_hal_rcc_ex.o
 .comment       0x0000007f       0x80 Drivers/STM32L4xx_HAL_Driver/Src/stm32l4xx_hal_uart.o
 .comment       0x0000007f       0x80 Src/ADXL345.o
 .comment       0x0000007f       0x80 Src/Communication.o
 .comment       0x0000007f       0x80 Src/accel_control.o
 .comment       0x0000007f       0x80 Src/gpio.o
 .comment       0x0000007f       0x80 Src/i2c.o
 .comment       0x0000007f       0x80 Src/main.o
 .comment       0x0000007f       0x80 Src/stm32l4xx_hal_msp.o
 .comment       0x0000007f       0x80 Src/stm32l4xx_it.o
 .comment       0x0000007f       0x80 Src/system_stm32l4xx.o
 .comment       0x0000007f       0x80 Src/usart.o

.debug_frame    0x00000000     0x1e28
 .debug_frame   0x00000000      0x23c Drivers/STM32L4xx_HAL_Driver/Src/stm32l4xx_hal.o
 .debug_frame   0x0000023c      0x15c Drivers/STM32L4xx_HAL_Driver/Src/stm32l4xx_hal_cortex.o
 .debug_frame   0x00000398       0xd0 Drivers/STM32L4xx_HAL_Driver/Src/stm32l4xx_hal_gpio.o
 .debug_frame   0x00000468      0x8cc Drivers/STM32L4xx_HAL_Driver/Src/stm32l4xx_hal_i2c.o
 .debug_frame   0x00000d34       0x80 Drivers/STM32L4xx_HAL_Driver/Src/stm32l4xx_hal_i2c_ex.o
 .debug_frame   0x00000db4      0x278 Drivers/STM32L4xx_HAL_Driver/Src/stm32l4xx_hal_pwr_ex.o
 .debug_frame   0x0000102c      0x184 Drivers/STM32L4xx_HAL_Driver/Src/stm32l4xx_hal_rcc.o
 .debug_frame   0x000011b0      0x1f4 Drivers/STM32L4xx_HAL_Driver/Src/stm32l4xx_hal_rcc_ex.o
 .debug_frame   0x000013a4      0x588 Drivers/STM32L4xx_HAL_Driver/Src/stm32l4xx_hal_uart.o
 .debug_frame   0x0000192c      0x180 Src/ADXL345.o
 .debug_frame   0x00001aac       0x9c Src/Communication.o
 .debug_frame   0x00001b48       0x78 Src/accel_control.o
 .debug_frame   0x00001bc0       0x30 Src/gpio.o
 .debug_frame   0x00001bf0       0x5c Src/i2c.o
 .debug_frame   0x00001c4c       0x58 Src/main.o
 .debug_frame   0x00001ca4       0x2c Src/stm32l4xx_hal_msp.o
 .debug_frame   0x00001cd0       0x40 Src/stm32l4xx_it.o
 .debug_frame   0x00001d10       0x30 Src/system_stm32l4xx.o
 .debug_frame   0x00001d40       0x5c Src/usart.o
 .debug_frame   0x00001d9c       0x2c c:/ac6/systemworkbench/plugins/fr.ac6.mcu.externaltools.arm-none.win32_1.15.0.201708311556/tools/compiler/bin/../lib/gcc/arm-none-eabi/6.3.1/thumb/v7e-m/fpv4-sp/hard\libgcc.a(_aeabi_uldivmod.o)
 .debug_frame   0x00001dc8       0x34 c:/ac6/systemworkbench/plugins/fr.ac6.mcu.externaltools.arm-none.win32_1.15.0.201708311556/tools/compiler/bin/../lib/gcc/arm-none-eabi/6.3.1/thumb/v7e-m/fpv4-sp/hard\libgcc.a(_udivmoddi4.o)
 .debug_frame   0x00001dfc       0x2c c:/ac6/systemworkbench/plugins/fr.ac6.mcu.externaltools.arm-none.win32_1.15.0.201708311556/tools/compiler/bin/../lib/gcc/arm-none-eabi/6.3.1/../../../../arm-none-eabi/lib/thumb/v7e-m/fpv4-sp/hard\libc_nano.a(lib_a-init.o)
